// Jest Snapshot v1, https://goo.gl/fbAQLP

exports[`render label correctly 1`] = `
.c0 {
  font-size: 3.2rem;
  color: pink;
}

<div>
  <div
    class="c0"
  >
    <p>
      react-testing-library
    </p>
  </div>
</div>
`;
